Enter password: *****
Welcome to the MySQL monitor.  Commands end with ; or \g.
Your MySQL connection id is 12
Server version: 5.5.62 MySQL Community Server (GPL)

Copyright (c) 2000, 2018, Oracle and/or its affiliates. All rights reserved.

Oracle is a registered trademark of Oracle Corporation and/or its
affiliates. Other names may be trademarks of their respective
owners.

Type 'help;' or '\h' for help. Type '\c' to clear the current input statement.

mysql> use sse;
Database changed
mysql> select* from student;
+---------+-----+--------+
| name    | id  | gender |
+---------+-----+--------+
| supriya | 120 | p      |
| tharun  | 121 | m      |
+---------+-----+--------+
2 rows in set (0.00 sec)

mysql> update student set gender='f' where name='supriya';
Query OK, 1 row affected (0.01 sec)
Rows matched: 1  Changed: 1  Warnings: 0

mysql> select* from student;
+---------+-----+--------+
| name    | id  | gender |
+---------+-----+--------+
| supriya | 120 | f      |
| tharun  | 121 | m      |
+---------+-----+--------+
2 rows in set (0.00 sec)

mysql> update student set name='nithya' where id=120;
Query OK, 1 row affected (0.02 sec)
Rows matched: 1  Changed: 1  Warnings: 0

mysql> select* from student
    -> select* from student;
ERROR 1064 (42000): You have an error in your SQL syntax; check the manual that corresponds to your MySQL server version for the right syntax to use near 'select* from student' at line 2
mysql> select* from student;
+--------+-----+--------+
| name   | id  | gender |
+--------+-----+--------+
| nithya | 120 | f      |
| tharun | 121 | m      |
+--------+-----+--------+
2 rows in set (0.00 sec)

mysql> delete from student where gender='m';
Query OK, 1 row affected (0.02 sec)

mysql> select* from student;
+--------+-----+--------+
| name   | id  | gender |
+--------+-----+--------+
| nithya | 120 | f      |
+--------+-----+--------+
1 row in set (0.00 sec)

mysql>
